// Jest Snapshot v1, https://goo.gl/fbAQLP

exports[`TaskListItem renders TaskListItem component 1`] = `
<div>
  <li
    class="list-group-item d-flex justify-content-between align-items-center"
  >
    <div
      id="task-operation-item-description"
    >
      Description Operation Task Test
      <span
        class="badge badge-success badge-pill ml-2"
      />
    </div>
    <div>
      <button
        class="btn btn-outline-success btn-sm mr-2"
      >
        +15m
      </button>
      <button
        class="btn btn-outline-success btn-sm mr-2"
      >
        +1h
      </button>
      <button
        class="btn btn-outline-danger btn-sm"
      >
        Delete
      </button>
    </div>
  </li>
</div>
`;
